// Jest Snapshot v1, https://goo.gl/fbAQLP

exports[`BookShelf should render without crashing 1`] = `
ShallowWrapper {
  Symbol(enzyme.__root__): [Circular],
  Symbol(enzyme.__unrendered__): <BookShelf
    books={
        Array [
            Object {
              "authors": Array [
                "J.K Rowling",
              ],
              "id": "azcv34we134pxcviobx",
              "imageLinks": Object {
                "smallThumbnail": "smallThumbnail.jpg",
                "thumbnail": "thumbnail.jpg",
              },
              "previewLink": "mock.com",
              "shelf": "read",
              "title": "Harry Potter",
            },
          ]
    }
    isLoading={false}
    name="Currently Reading"
    onUpdateShelf={[Function]}
/>,
  Symbol(enzyme.__renderer__): Object {
    "batchedUpdates": [Function],
    "getNode": [Function],
    "render": [Function],
    "simulateError": [Function],
    "simulateEvent": [Function],
    "unmount": [Function],
  },
  Symbol(enzyme.__node__): Object {
    "instance": null,
    "key": undefined,
    "nodeType": "host",
    "props": Object {
      "children": Array [
        <h2
          className="bookshelf-title"
>
          Currently Reading
</h2>,
        <div
          className="bookshelf-books"
>
          <ol
                    className="books-grid"
          >
                    <li>
                              <Book
                                        book={
                                                  Object {
                                                            "authors": Array [
                                                              "J.K Rowling",
                                                            ],
                                                            "id": "azcv34we134pxcviobx",
                                                            "imageLinks": Object {
                                                              "smallThumbnail": "smallThumbnail.jpg",
                                                              "thumbnail": "thumbnail.jpg",
                                                            },
                                                            "previewLink": "mock.com",
                                                            "shelf": "read",
                                                            "title": "Harry Potter",
                                                          }
                                        }
                                        onUpdateShelf={[Function]}
                              />
                    </li>
          </ol>
</div>,
      ],
      "className": "bookshelf",
    },
    "ref": null,
    "rendered": Array [
      Object {
        "instance": null,
        "key": undefined,
        "nodeType": "host",
        "props": Object {
          "children": "Currently Reading",
          "className": "bookshelf-title",
        },
        "ref": null,
        "rendered": "Currently Reading",
        "type": "h2",
      },
      Object {
        "instance": null,
        "key": undefined,
        "nodeType": "host",
        "props": Object {
          "children": <ol
            className="books-grid"
>
            <li>
                        <Book
                                    book={
                                                Object {
                                                            "authors": Array [
                                                              "J.K Rowling",
                                                            ],
                                                            "id": "azcv34we134pxcviobx",
                                                            "imageLinks": Object {
                                                              "smallThumbnail": "smallThumbnail.jpg",
                                                              "thumbnail": "thumbnail.jpg",
                                                            },
                                                            "previewLink": "mock.com",
                                                            "shelf": "read",
                                                            "title": "Harry Potter",
                                                          }
                                    }
                                    onUpdateShelf={[Function]}
                        />
            </li>
</ol>,
          "className": "bookshelf-books",
        },
        "ref": null,
        "rendered": Object {
          "instance": null,
          "key": undefined,
          "nodeType": "host",
          "props": Object {
            "children": Array [
              false,
              Array [
                <li>
                  <Book
                                    book={
                                                      Object {
                                                                        "authors": Array [
                                                                          "J.K Rowling",
                                                                        ],
                                                                        "id": "azcv34we134pxcviobx",
                                                                        "imageLinks": Object {
                                                                          "smallThumbnail": "smallThumbnail.jpg",
                                                                          "thumbnail": "thumbnail.jpg",
                                                                        },
                                                                        "previewLink": "mock.com",
                                                                        "shelf": "read",
                                                                        "title": "Harry Potter",
                                                                      }
                                    }
                                    onUpdateShelf={[Function]}
                  />
</li>,
              ],
            ],
            "className": "books-grid",
          },
          "ref": null,
          "rendered": Array [
            false,
            Object {
              "instance": null,
              "key": "azcv34we134pxcviobx",
              "nodeType": "host",
              "props": Object {
                "children": <Book
                  book={
                                    Object {
                                                      "authors": Array [
                                                        "J.K Rowling",
                                                      ],
                                                      "id": "azcv34we134pxcviobx",
                                                      "imageLinks": Object {
                                                        "smallThumbnail": "smallThumbnail.jpg",
                                                        "thumbnail": "thumbnail.jpg",
                                                      },
                                                      "previewLink": "mock.com",
                                                      "shelf": "read",
                                                      "title": "Harry Potter",
                                                    }
                  }
                  onUpdateShelf={[Function]}
/>,
              },
              "ref": null,
              "rendered": Object {
                "instance": null,
                "key": undefined,
                "nodeType": "function",
                "props": Object {
                  "book": Object {
                    "authors": Array [
                      "J.K Rowling",
                    ],
                    "id": "azcv34we134pxcviobx",
                    "imageLinks": Object {
                      "smallThumbnail": "smallThumbnail.jpg",
                      "thumbnail": "thumbnail.jpg",
                    },
                    "previewLink": "mock.com",
                    "shelf": "read",
                    "title": "Harry Potter",
                  },
                  "onUpdateShelf": [Function],
                },
                "ref": null,
                "rendered": null,
                "type": [Function],
              },
              "type": "li",
            },
          ],
          "type": "ol",
        },
        "type": "div",
      },
    ],
    "type": "div",
  },
  Symbol(enzyme.__nodes__): Array [
    Object {
      "instance": null,
      "key": undefined,
      "nodeType": "host",
      "props": Object {
        "children": Array [
          <h2
            className="bookshelf-title"
>
            Currently Reading
</h2>,
          <div
            className="bookshelf-books"
>
            <ol
                        className="books-grid"
            >
                        <li>
                                    <Book
                                                book={
                                                            Object {
                                                                        "authors": Array [
                                                                          "J.K Rowling",
                                                                        ],
                                                                        "id": "azcv34we134pxcviobx",
                                                                        "imageLinks": Object {
                                                                          "smallThumbnail": "smallThumbnail.jpg",
                                                                          "thumbnail": "thumbnail.jpg",
                                                                        },
                                                                        "previewLink": "mock.com",
                                                                        "shelf": "read",
                                                                        "title": "Harry Potter",
                                                                      }
                                                }
                                                onUpdateShelf={[Function]}
                                    />
                        </li>
            </ol>
</div>,
        ],
        "className": "bookshelf",
      },
      "ref": null,
      "rendered": Array [
        Object {
          "instance": null,
          "key": undefined,
          "nodeType": "host",
          "props": Object {
            "children": "Currently Reading",
            "className": "bookshelf-title",
          },
          "ref": null,
          "rendered": "Currently Reading",
          "type": "h2",
        },
        Object {
          "instance": null,
          "key": undefined,
          "nodeType": "host",
          "props": Object {
            "children": <ol
              className="books-grid"
>
              <li>
                            <Book
                                          book={
                                                        Object {
                                                                      "authors": Array [
                                                                        "J.K Rowling",
                                                                      ],
                                                                      "id": "azcv34we134pxcviobx",
                                                                      "imageLinks": Object {
                                                                        "smallThumbnail": "smallThumbnail.jpg",
                                                                        "thumbnail": "thumbnail.jpg",
                                                                      },
                                                                      "previewLink": "mock.com",
                                                                      "shelf": "read",
                                                                      "title": "Harry Potter",
                                                                    }
                                          }
                                          onUpdateShelf={[Function]}
                            />
              </li>
</ol>,
            "className": "bookshelf-books",
          },
          "ref": null,
          "rendered": Object {
            "instance": null,
            "key": undefined,
            "nodeType": "host",
            "props": Object {
              "children": Array [
                false,
                Array [
                  <li>
                    <Book
                                        book={
                                                            Object {
                                                                                "authors": Array [
                                                                                  "J.K Rowling",
                                                                                ],
                                                                                "id": "azcv34we134pxcviobx",
                                                                                "imageLinks": Object {
                                                                                  "smallThumbnail": "smallThumbnail.jpg",
                                                                                  "thumbnail": "thumbnail.jpg",
                                                                                },
                                                                                "previewLink": "mock.com",
                                                                                "shelf": "read",
                                                                                "title": "Harry Potter",
                                                                              }
                                        }
                                        onUpdateShelf={[Function]}
                    />
</li>,
                ],
              ],
              "className": "books-grid",
            },
            "ref": null,
            "rendered": Array [
              false,
              Object {
                "instance": null,
                "key": "azcv34we134pxcviobx",
                "nodeType": "host",
                "props": Object {
                  "children": <Book
                    book={
                                        Object {
                                                            "authors": Array [
                                                              "J.K Rowling",
                                                            ],
                                                            "id": "azcv34we134pxcviobx",
                                                            "imageLinks": Object {
                                                              "smallThumbnail": "smallThumbnail.jpg",
                                                              "thumbnail": "thumbnail.jpg",
                                                            },
                                                            "previewLink": "mock.com",
                                                            "shelf": "read",
                                                            "title": "Harry Potter",
                                                          }
                    }
                    onUpdateShelf={[Function]}
/>,
                },
                "ref": null,
                "rendered": Object {
                  "instance": null,
                  "key": undefined,
                  "nodeType": "function",
                  "props": Object {
                    "book": Object {
                      "authors": Array [
                        "J.K Rowling",
                      ],
                      "id": "azcv34we134pxcviobx",
                      "imageLinks": Object {
                        "smallThumbnail": "smallThumbnail.jpg",
                        "thumbnail": "thumbnail.jpg",
                      },
                      "previewLink": "mock.com",
                      "shelf": "read",
                      "title": "Harry Potter",
                    },
                    "onUpdateShelf": [Function],
                  },
                  "ref": null,
                  "rendered": null,
                  "type": [Function],
                },
                "type": "li",
              },
            ],
            "type": "ol",
          },
          "type": "div",
        },
      ],
      "type": "div",
    },
  ],
  Symbol(enzyme.__options__): Object {
    "adapter": ReactSixteenAdapter {
      "options": Object {
        "enableComponentDidUpdateOnSetState": true,
        "lifecycles": Object {
          "componentDidUpdate": Object {
            "onSetState": true,
          },
          "getDerivedStateFromProps": true,
          "getSnapshotBeforeUpdate": true,
          "setState": Object {
            "skipsComponentDidUpdateOnNullish": true,
          },
        },
      },
    },
  },
}
`;
